MIME-Version: 1.0
Content-Type: multipart/alternative;
 boundary="===============2447111349122885109=="
Subject: [Django] ERROR: "GET /asdasd HTTP/1.1" 500 145
From: noreply@example.com
To: petr@mail.ru
Date: Thu, 28 May 2026 09:32:44 +0000
Message-ID: <177996076452.12072.1555720164692127396@DESKTOP-5VKMPOQ>

--===============2447111349122885109==
Content-Type: text/plain; charset="utf-8"
Content-Transfer-Encoding: quoted-printable

ERROR 2026-05-28 12:32:43,707 django.server log.py (line 249) log_message "GE=
T /asdasd HTTP/1.1" 500 145

Report
"GET /asdasd HTTP/1.1" 500 145

Django Version: 6.0.5
Python Executable: C:\Users\petri\Desktop\Daniil\DjMethod\.venv\Scripts\pytho=
n.exe
Python Version: 3.14.3
Python Path: ['C:\\Users\\petri\\Desktop\\Daniil\\DjMethod\\calories_calc', '=
C:\\Users\\petri\\Desktop\\Daniil\\DjMethod\\.venv\\Scripts\\python314.zip', =
'C:\\Users\\petri\\AppData\\Local\\Programs\\Python\\Python314\\DLLs', 'C:\\U=
sers\\petri\\AppData\\Local\\Programs\\Python\\Python314\\Lib', 'C:\\Users\\p=
etri\\AppData\\Local\\Programs\\Python\\Python314', 'C:\\Users\\petri\\Deskto=
p\\Daniil\\DjMethod\\.venv', 'C:\\Users\\petri\\Desktop\\Daniil\\DjMethod\\.v=
env\\Lib\\site-packages']
Server time: Thu, 28 May 2026 12:32:43 +0300
Installed Applications:
['django.contrib.admin',
 'django.contrib.auth',
 'django.contrib.contenttypes',
 'django.contrib.sessions',
 'django.contrib.messages',
 'django.contrib.staticfiles',
 'accounts']
Installed Middleware:
['django.middleware.security.SecurityMiddleware',
 'django.contrib.sessions.middleware.SessionMiddleware',
 'django.middleware.common.CommonMiddleware',
 'django.middleware.csrf.CsrfViewMiddleware',
 'django.contrib.auth.middleware.AuthenticationMiddleware',
 'django.contrib.messages.middleware.MessageMiddleware',
 'django.middleware.clickjacking.XFrameOptionsMiddleware']


Traceback (most recent call last):
  None



Request data not supplied

Settings:
Using settings module config.settings
ABSOLUTE_URL_OVERRIDES =3D {}
ADMINS =3D [('=D0=9F=D0=B5=D1=82=D1=80', 'petr@mail.ru')]
ALLOWED_HOSTS =3D ['*']
APPEND_SLASH =3D True
AUTHENTICATION_BACKENDS =3D '********************'
AUTH_PASSWORD_VALIDATORS =3D '********************'
AUTH_USER_MODEL =3D '********************'
BASE_DIR =3D WindowsPath('C:/Users/petri/Desktop/Daniil/DjMethod/calories_cal=
c')
CACHES =3D {'default': {'BACKEND': 'django.core.cache.backends.locmem.LocMemC=
ache'}}
CACHE_MIDDLEWARE_ALIAS =3D 'default'
CACHE_MIDDLEWARE_KEY_PREFIX =3D '********************'
CACHE_MIDDLEWARE_SECONDS =3D 600
CSRF_COOKIE_AGE =3D 31449600
CSRF_COOKIE_DOMAIN =3D None
CSRF_COOKIE_HTTPONLY =3D False
CSRF_COOKIE_NAME =3D 'csrftoken'
CSRF_COOKIE_PATH =3D '/'
CSRF_COOKIE_SAMESITE =3D 'Lax'
CSRF_COOKIE_SECURE =3D False
CSRF_FAILURE_VIEW =3D 'django.views.csrf.csrf_failure'
CSRF_HEADER_NAME =3D 'HTTP_X_CSRFTOKEN'
CSRF_TRUSTED_ORIGINS =3D []
CSRF_USE_SESSIONS =3D False
DATABASES =3D {'default': {'ENGINE': 'django.db.backends.sqlite3', 'NAME': Wi=
ndowsPath('C:/Users/petri/Desktop/Daniil/DjMethod/calories_calc/db.sqlite3'),=
 'ATOMIC_REQUESTS': False, 'AUTOCOMMIT': True, 'CONN_MAX_AGE': 0, 'CONN_HEALT=
H_CHECKS': False, 'OPTIONS': {}, 'TIME_ZONE': None, 'USER': '', 'PASSWORD': '=
********************', 'HOST': '', 'PORT': '', 'TEST': {'CHARSET': None, 'COL=
LATION': None, 'MIGRATE': True, 'MIRROR': None, 'NAME': None}}}
DATABASE_ROUTERS =3D []
DATA_UPLOAD_MAX_MEMORY_SIZE =3D 2621440
DATA_UPLOAD_MAX_NUMBER_FIELDS =3D 1000
DATA_UPLOAD_MAX_NUMBER_FILES =3D 100
DATETIME_FORMAT =3D 'N j, Y, P'
DATETIME_INPUT_FORMATS =3D ['%Y-%m-%d %H:%M:%S', '%Y-%m-%d %H:%M:%S.%f', '%Y-=
%m-%d %H:%M', '%m/%d/%Y %H:%M:%S', '%m/%d/%Y %H:%M:%S.%f', '%m/%d/%Y %H:%M', =
'%m/%d/%y %H:%M:%S', '%m/%d/%y %H:%M:%S.%f', '%m/%d/%y %H:%M']
DATE_FORMAT =3D 'N j, Y'
DATE_INPUT_FORMATS =3D ['%Y-%m-%d', '%m/%d/%Y', '%m/%d/%y', '%b %d %Y', '%b %=
d, %Y', '%d %b %Y', '%d %b, %Y', '%B %d %Y', '%B %d, %Y', '%d %B %Y', '%d %B,=
 %Y']
DEBUG =3D False
DEBUG_PROPAGATE_EXCEPTIONS =3D False
DECIMAL_SEPARATOR =3D '.'
DEFAULT_AUTO_FIELD =3D 'django.db.models.BigAutoField'
DEFAULT_CHARSET =3D 'utf-8'
DEFAULT_EXCEPTION_REPORTER =3D 'django.views.debug.ExceptionReporter'
DEFAULT_EXCEPTION_REPORTER_FILTER =3D 'django.views.debug.SafeExceptionReport=
erFilter'
DEFAULT_FROM_EMAIL =3D 'noreply@example.com'
DEFAULT_INDEX_TABLESPACE =3D ''
DEFAULT_TABLESPACE =3D ''
DISALLOWED_USER_AGENTS =3D []
EMAIL_BACKEND =3D 'django.core.mail.backends.filebased.EmailBackend'
EMAIL_FILE_PATH =3D WindowsPath('C:/Users/petri/Desktop/Daniil/DjMethod/calor=
ies_calc/sent_emails')
EMAIL_HOST =3D 'localhost'
EMAIL_HOST_PASSWORD =3D '********************'
EMAIL_HOST_USER =3D ''
EMAIL_PORT =3D 25
EMAIL_SSL_CERTFILE =3D None
EMAIL_SSL_KEYFILE =3D '********************'
EMAIL_SUBJECT_PREFIX =3D '[Django] '
EMAIL_TIMEOUT =3D None
EMAIL_USE_LOCALTIME =3D False
EMAIL_USE_SSL =3D False
EMAIL_USE_TLS =3D False
FILE_UPLOAD_DIRECTORY_PERMISSIONS =3D None
FILE_UPLOAD_HANDLERS =3D ['django.core.files.uploadhandler.MemoryFileUploadHa=
ndler', 'django.core.files.uploadhandler.TemporaryFileUploadHandler']
FILE_UPLOAD_MAX_MEMORY_SIZE =3D 2621440
FILE_UPLOAD_PERMISSIONS =3D 420
FILE_UPLOAD_TEMP_DIR =3D None
FIRST_DAY_OF_WEEK =3D 0
FIXTURE_DIRS =3D []
FORCE_SCRIPT_NAME =3D None
FORMAT_MODULE_PATH =3D None
FORM_RENDERER =3D 'django.forms.renderers.DjangoTemplates'
IGNORABLE_404_URLS =3D []
INSTALLED_APPS =3D ['django.contrib.admin', 'django.contrib.auth', 'django.co=
ntrib.contenttypes', 'django.contrib.sessions', 'django.contrib.messages', 'd=
jango.contrib.staticfiles', 'accounts']
INTERNAL_IPS =3D []
LANGUAGES =3D [('af', 'Afrikaans'), ('ar', 'Arabic'), ('ar-dz', 'Algerian Ara=
bic'), ('ast', 'Asturian'), ('az', 'Azerbaijani'), ('bg', 'Bulgarian'), ('be'=
, 'Belarusian'), ('bn', 'Bengali'), ('br', 'Breton'), ('bs', 'Bosnian'), ('ca=
', 'Catalan'), ('ckb', 'Central Kurdish (Sorani)'), ('cs', 'Czech'), ('cy', '=
Welsh'), ('da', 'Danish'), ('de', 'German'), ('dsb', 'Lower Sorbian'), ('el',=
 'Greek'), ('en', 'English'), ('en-au', 'Australian English'), ('en-gb', 'Bri=
tish English'), ('eo', 'Esperanto'), ('es', 'Spanish'), ('es-ar', 'Argentinia=
n Spanish'), ('es-co', 'Colombian Spanish'), ('es-mx', 'Mexican Spanish'), ('=
es-ni', 'Nicaraguan Spanish'), ('es-ve', 'Venezuelan Spanish'), ('et', 'Eston=
ian'), ('eu', 'Basque'), ('fa', 'Persian'), ('fi', 'Finnish'), ('fr', 'French=
'), ('fy', 'Frisian'), ('ga', 'Irish'), ('gd', 'Scottish Gaelic'), ('gl', 'Ga=
lician'), ('he', 'Hebrew'), ('hi', 'Hindi'), ('hr', 'Croatian'), ('hsb', 'Upp=
er Sorbian'), ('ht', 'Haitian Creole'), ('hu', 'Hungarian'), ('hy', 'Armenian=
'), ('ia', 'Interlingua'), ('id', 'Indonesian'), ('ig', 'Igbo'), ('io', 'Ido'=
), ('is', 'Icelandic'), ('it', 'Italian'), ('ja', 'Japanese'), ('ka', 'Georgi=
an'), ('kab', 'Kabyle'), ('kk', 'Kazakh'), ('km', 'Khmer'), ('kn', 'Kannada')=
, ('ko', 'Korean'), ('ky', 'Kyrgyz'), ('lb', 'Luxembourgish'), ('lt', 'Lithua=
nian'), ('lv', 'Latvian'), ('mk', 'Macedonian'), ('ml', 'Malayalam'), ('mn', =
'Mongolian'), ('mr', 'Marathi'), ('ms', 'Malay'), ('my', 'Burmese'), ('nb', '=
Norwegian Bokm=C3=A5l'), ('ne', 'Nepali'), ('nl', 'Dutch'), ('nn', 'Norwegian=
 Nynorsk'), ('os', 'Ossetic'), ('pa', 'Punjabi'), ('pl', 'Polish'), ('pt', 'P=
ortuguese'), ('pt-br', 'Brazilian Portuguese'), ('ro', 'Romanian'), ('ru', 'R=
ussian'), ('sk', 'Slovak'), ('sl', 'Slovenian'), ('sq', 'Albanian'), ('sr', '=
Serbian'), ('sr-latn', 'Serbian Latin'), ('sv', 'Swedish'), ('sw', 'Swahili')=
, ('ta', 'Tamil'), ('te', 'Telugu'), ('tg', 'Tajik'), ('th', 'Thai'), ('tk', =
'Turkmen'), ('tr', 'Turkish'), ('tt', 'Tatar'), ('udm', 'Udmurt'), ('ug', 'Uy=
ghur'), ('uk', 'Ukrainian'), ('ur', 'Urdu'), ('uz', 'Uzbek'), ('vi', 'Vietnam=
ese'), ('zh-hans', 'Simplified Chinese'), ('zh-hant', 'Traditional Chinese')]
LANGUAGES_BIDI =3D ['he', 'ar', 'ar-dz', 'ckb', 'fa', 'ug', 'ur']
LANGUAGE_CODE =3D 'ru'
LANGUAGE_COOKIE_AGE =3D None
LANGUAGE_COOKIE_DOMAIN =3D None
LANGUAGE_COOKIE_HTTPONLY =3D False
LANGUAGE_COOKIE_NAME =3D 'django_language'
LANGUAGE_COOKIE_PATH =3D '/'
LANGUAGE_COOKIE_SAMESITE =3D None
LANGUAGE_COOKIE_SECURE =3D False
LOCALE_PATHS =3D []
LOGGING =3D {'version': 1, 'disable_existing_loggers': False, 'filters': {'re=
quire_debug_false': {'()': 'django.utils.log.RequireDebugFalse'}}, 'formatter=
s': {'simple': {'format': '{levelname} {asctime:s} {name} {message}', 'style'=
: '{'}, 'verbose': {'format': '{levelname} {asctime:s} {name} {module}.py (li=
ne {lineno:d}) {funcName} {message}', 'style': '{'}}, 'handlers': {'console':=
 {'level': 'DEBUG', 'class': 'logging.StreamHandler', 'formatter': 'simple'},=
 'file': {'level': 'DEBUG', 'class': 'logging.FileHandler', 'formatter': 'ver=
bose', 'filename': WindowsPath('C:/Users/petri/Desktop/Daniil/DjMethod/calori=
es_calc/django.log')}, 'mail_admins': {'level': 'ERROR', 'filters': ['require=
_debug_false'], 'class': 'django.utils.log.AdminEmailHandler', 'include_html'=
: True, 'formatter': 'verbose'}}, 'loggers': {'': {'level': 'WARNING', 'handl=
ers': ['console', 'file', 'mail_admins']}, 'django.request': {'level': 'WARNI=
NG', 'handlers': ['file'], 'propagate': False}, 'django.server': {'level': 'E=
RROR', 'handlers': ['file', 'mail_admins'], 'propagate': False}, 'django': {'=
level': 'INFO', 'handlers': ['console'], 'propagate': False}, 'django.templat=
e': {'level': 'DEBUG', 'handlers': ['file'], 'propagate': False}}}
LOGGING_CONFIG =3D 'logging.config.dictConfig'
LOGIN_REDIRECT_URL =3D 'accounts:home'
LOGIN_URL =3D 'accounts:login'
LOGOUT_REDIRECT_URL =3D 'accounts:login'
MANAGERS =3D []
MEDIA_ROOT =3D ''
MEDIA_URL =3D '/'
MESSAGE_STORAGE =3D 'django.contrib.messages.storage.fallback.FallbackStorage'
MIDDLEWARE =3D ['django.middleware.security.SecurityMiddleware', 'django.cont=
rib.sessions.middleware.SessionMiddleware', 'django.middleware.common.CommonM=
iddleware', 'django.middleware.csrf.CsrfViewMiddleware', 'django.contrib.auth=
.middleware.AuthenticationMiddleware', 'django.contrib.messages.middleware.Me=
ssageMiddleware', 'django.middleware.clickjacking.XFrameOptionsMiddleware']
MIGRATION_MODULES =3D {}
MONTH_DAY_FORMAT =3D 'F j'
NUMBER_GROUPING =3D 0
PASSWORD_HASHERS =3D '********************'
PASSWORD_RESET_TIMEOUT =3D '********************'
PREPEND_WWW =3D False
ROOT_URLCONF =3D 'config.urls'
SECRET_KEY =3D '********************'
SECRET_KEY_FALLBACKS =3D '********************'
SECURE_CONTENT_TYPE_NOSNIFF =3D True
SECURE_CROSS_ORIGIN_OPENER_POLICY =3D 'same-origin'
SECURE_CSP =3D {}
SECURE_CSP_REPORT_ONLY =3D {}
SECURE_HSTS_INCLUDE_SUBDOMAINS =3D False
SECURE_HSTS_PRELOAD =3D False
SECURE_HSTS_SECONDS =3D 0
SECURE_PROXY_SSL_HEADER =3D None
SECURE_REDIRECT_EXEMPT =3D []
SECURE_REFERRER_POLICY =3D 'same-origin'
SECURE_SSL_HOST =3D None
SECURE_SSL_REDIRECT =3D False
SERVER_EMAIL =3D 'noreply@example.com'
SESSION_CACHE_ALIAS =3D 'default'
SESSION_COOKIE_AGE =3D 1209600
SESSION_COOKIE_DOMAIN =3D None
SESSION_COOKIE_HTTPONLY =3D True
SESSION_COOKIE_NAME =3D 'sessionid'
SESSION_COOKIE_PATH =3D '/'
SESSION_COOKIE_SAMESITE =3D 'Lax'
SESSION_COOKIE_SECURE =3D False
SESSION_ENGINE =3D 'django.contrib.sessions.backends.db'
SESSION_EXPIRE_AT_BROWSER_CLOSE =3D False
SESSION_FILE_PATH =3D None
SESSION_SAVE_EVERY_REQUEST =3D False
SESSION_SERIALIZER =3D 'django.contrib.sessions.serializers.JSONSerializer'
SETTINGS_MODULE =3D 'config.settings'
SHORT_DATETIME_FORMAT =3D 'm/d/Y P'
SHORT_DATE_FORMAT =3D 'm/d/Y'
SIGNING_BACKEND =3D 'django.core.signing.TimestampSigner'
SILENCED_SYSTEM_CHECKS =3D []
STATICFILES_DIRS =3D []
STATICFILES_FINDERS =3D ['django.contrib.staticfiles.finders.FileSystemFinder=
', 'django.contrib.staticfiles.finders.AppDirectoriesFinder']
STATIC_ROOT =3D None
STATIC_URL =3D '/static/'
STORAGES =3D {'default': {'BACKEND': 'django.core.files.storage.FileSystemSto=
rage'}, 'staticfiles': {'BACKEND': 'django.contrib.staticfiles.storage.Static=
FilesStorage'}}
TASKS =3D {'default': {'BACKEND': 'django.tasks.backends.immediate.ImmediateB=
ackend'}}
TEMPLATES =3D [{'BACKEND': 'django.template.backends.django.DjangoTemplates',=
 'DIRS': [WindowsPath('C:/Users/petri/Desktop/Daniil/DjMethod/calories_calc/t=
emplates')], 'APP_DIRS': True, 'OPTIONS': {'context_processors': ['django.tem=
plate.context_processors.debug', 'django.template.context_processors.request'=
, 'django.contrib.auth.context_processors.auth', 'django.contrib.messages.con=
text_processors.messages']}}]
TEST_NON_SERIALIZED_APPS =3D []
TEST_RUNNER =3D 'django.test.runner.DiscoverRunner'
THOUSAND_SEPARATOR =3D ','
TIME_FORMAT =3D 'P'
TIME_INPUT_FORMATS =3D ['%H:%M:%S', '%H:%M:%S.%f', '%H:%M']
TIME_ZONE =3D 'Europe/Moscow'
URLIZE_ASSUME_HTTPS =3D False
USE_I18N =3D True
USE_THOUSAND_SEPARATOR =3D False
USE_TZ =3D True
USE_X_FORWARDED_HOST =3D False
USE_X_FORWARDED_PORT =3D False
WSGI_APPLICATION =3D 'config.wsgi.application'
X_FRAME_OPTIONS =3D 'DENY'
YEAR_MONTH_FORMAT =3D 'F Y'



--===============2447111349122885109==
Content-Type: text/html; charset="utf-8"
Content-Transfer-Encoding: quoted-printable
MIME-Version: 1.0

<!DOCTYPE html>
<html lang=3D"en">
<head>
  <meta http-equiv=3D"content-type" content=3D"text/html; charset=3Dutf-8">
  <meta name=3D"robots" content=3D"NONE,NOARCHIVE">
  <title>Report
         </title>
  <style>
    html * { padding:0; margin:0; }
    body * { padding:10px 20px; }
    body * * { padding:0; }
    body { font-family: sans-serif; background-color:#fff; color:#000; }
    body > :where(header, main, footer) { border-bottom:1px solid #ddd; }
    h1 { font-weight:normal; }
    h2 { margin-bottom:.8em; }
    h3 { margin:1em 0 .5em 0; }
    h4 { margin:0 0 .5em 0; font-weight: normal; }
    code, pre { font-size: 100%; white-space: pre-wrap; word-break: break-wor=
d; }
    summary { cursor: pointer; }
    table { border:1px solid #ccc; border-collapse: collapse; width:100%; bac=
kground:white; }
    tbody td, tbody th { vertical-align:top; padding:2px 3px; }
    thead th {
      padding:1px 6px 1px 3px; background:#fefefe; text-align:left;
      font-weight:normal; font-size: 0.6875rem; border:1px solid #ddd;
    }
    tbody th { width:12em; text-align:right; color:#666; padding-right:.5em; }
    table.vars { margin:5px 10px 2px 40px; width: auto; }
    table.vars td, table.req td { font-family:monospace; }
    table td.code { width:100%; }
    table td.code pre { overflow:hidden; }
    table.source th { color:#666; }
    table.source td { font-family:monospace; white-space:pre; border-bottom:1=
px solid #eee; }
    ul.traceback { list-style-type:none; color: #222; }
    ul.traceback li.cause { word-break: break-word; }
    ul.traceback li.frame { padding-bottom:1em; color:#4f4f4f; }
    ul.traceback li.user { background-color:#e0e0e0; color:#000 }
    div.context { padding:10px 0; overflow:hidden; }
    div.context ol { padding-left:30px; margin:0 10px; list-style-position: i=
nside; }
    div.context ol li { font-family:monospace; white-space:pre; color:#777; c=
ursor:pointer; padding-left: 2px; }
    div.context ol li pre { display:inline; }
    div.context ol.context-line li { color:#464646; background-color:#dfdfdf;=
 padding: 3px 2px; }
    div.context ol.context-line li span { position:absolute; right:32px; }
    .user div.context ol.context-line li { background-color:#bbb; color:#000;=
 }
    .user div.context ol li { color:#666; }
    div.commands, summary.commands { margin-left: 40px; }
    div.commands a, summary.commands { color:#555; text-decoration:none; }
    .user div.commands a { color: black; }
    #summary { background: #ffc; }
    #summary h2 { font-weight: normal; color: #666; }
    #info { padding: 0; }
    #info > * { padding:10px 20px; }
    #explanation { background:#eee; }
    #template, #template-not-exist { background:#f6f6f6; }
    #template-not-exist ul { margin: 0 0 10px 20px; }
    #template-not-exist .postmortem-section { margin-bottom: 3px; }
    #unicode-hint { background:#eee; }
    #traceback { background:#eee; }
    #requestinfo { background:#f6f6f6; padding-left:120px; }
    #summary table { border:none; background:transparent; }
    #requestinfo h2, #requestinfo h3 { position:relative; margin-left:-100px;=
 }
    #requestinfo h3 { margin-bottom:-1em; }
    .error { background: #ffc; }
    .specific { color:#cc3300; font-weight:bold; }
    h2 span.commands { font-size: 0.7rem; font-weight:normal; }
    span.commands a:link {color:#5E5694;}
    pre.exception_value { font-family: sans-serif; color: #575757; font-size:=
 1.5rem; margin: 10px 0 10px 0; }
    .append-bottom { margin-bottom: 10px; }
    .fname { user-select: all; }
  </style>
 =20
</head>
<body>
<header id=3D"summary">
  <h1>Report
      </h1>
  <pre class=3D"exception_value">&quot;GET /asdasd HTTP/1.1&quot; 500 145</pr=
e>
  <table class=3D"meta">

    <tr>
      <th scope=3D"row">Django Version:</th>
      <td>6.0.5</td>
    </tr>



    <tr>
      <th scope=3D"row">Exception Location:</th>
      <td><span class=3D"fname"></span>, line , in </td>
    </tr>


    <tr>
      <th scope=3D"row">Python Executable:</th>
      <td>C:\Users\petri\Desktop\Daniil\DjMethod\.venv\Scripts\python.exe</td>
    </tr>
    <tr>
      <th scope=3D"row">Python Version:</th>
      <td>3.14.3</td>
    </tr>
    <tr>
      <th scope=3D"row">Python Path:</th>
      <td><pre><code>[&#x27;C:\\Users\\petri\\Desktop\\Daniil\\DjMethod\\calo=
ries_calc&#x27;,
 &#x27;C:\\Users\\petri\\Desktop\\Daniil\\DjMethod\\.venv\\Scripts\\python314=
.zip&#x27;,
 &#x27;C:\\Users\\petri\\AppData\\Local\\Programs\\Python\\Python314\\DLLs&#x=
27;,
 &#x27;C:\\Users\\petri\\AppData\\Local\\Programs\\Python\\Python314\\Lib&#x2=
7;,
 &#x27;C:\\Users\\petri\\AppData\\Local\\Programs\\Python\\Python314&#x27;,
 &#x27;C:\\Users\\petri\\Desktop\\Daniil\\DjMethod\\.venv&#x27;,
 &#x27;C:\\Users\\petri\\Desktop\\Daniil\\DjMethod\\.venv\\Lib\\site-packages=
&#x27;]</code></pre></td>
    </tr>
    <tr>
      <th scope=3D"row">Server time:</th>
      <td>Thu, 28 May 2026 12:32:44 +0300</td>
    </tr>
  </table>
</header>

<main id=3D"info">




<div id=3D"traceback">
  <h2>Traceback
  </h2>
  <div id=3D"browserTraceback">
    <ul class=3D"traceback">
     =20
       =20
        <li class=3D"frame user">
         =20
            None
         =20

         =20

         =20
        </li>
     =20
    </ul>
  </div>

</div>


<div id=3D"requestinfo">
  <h2>Request information</h2>


  <p>Request data not supplied</p>


  <h3 id=3D"settings-info">Settings</h3>
  <h4>Using settings module <code>config.settings</code></h4>
  <table class=3D"req">
    <thead>
      <tr>
        <th scope=3D"col">Setting</th>
        <th scope=3D"col">Value</th>
      </tr>
    </thead>
    <tbody>
     =20
        <tr>
          <td>ABSOLUTE_URL_OVERRIDES</td>
          <td class=3D"code"><pre>{}</pre></td>
        </tr>
     =20
        <tr>
          <td>ADMINS</td>
          <td class=3D"code"><pre>[(&#x27;=D0=9F=D0=B5=D1=82=D1=80&#x27;, &#x=
27;petr@mail.ru&#x27;)]</pre></td>
        </tr>
     =20
        <tr>
          <td>ALLOWED_HOSTS</td>
          <td class=3D"code"><pre>[&#x27;*&#x27;]</pre></td>
        </tr>
     =20
        <tr>
          <td>APPEND_SLASH</td>
          <td class=3D"code"><pre>True</pre></td>
        </tr>
     =20
        <tr>
          <td>AUTHENTICATION_BACKENDS</td>
          <td class=3D"code"><pre>&#x27;********************&#x27;</pre></td>
        </tr>
     =20
        <tr>
          <td>AUTH_PASSWORD_VALIDATORS</td>
          <td class=3D"code"><pre>&#x27;********************&#x27;</pre></td>
        </tr>
     =20
        <tr>
          <td>AUTH_USER_MODEL</td>
          <td class=3D"code"><pre>&#x27;********************&#x27;</pre></td>
        </tr>
     =20
        <tr>
          <td>BASE_DIR</td>
          <td class=3D"code"><pre>WindowsPath(&#x27;C:/Users/petri/Desktop/Da=
niil/DjMethod/calories_calc&#x27;)</pre></td>
        </tr>
     =20
        <tr>
          <td>CACHES</td>
          <td class=3D"code"><pre>{&#x27;default&#x27;: {&#x27;BACKEND&#x27;:=
 &#x27;django.core.cache.backends.locmem.LocMemCache&#x27;}}</pre></td>
        </tr>
     =20
        <tr>
          <td>CACHE_MIDDLEWARE_ALIAS</td>
          <td class=3D"code"><pre>&#x27;default&#x27;</pre></td>
        </tr>
     =20
        <tr>
          <td>CACHE_MIDDLEWARE_KEY_PREFIX</td>
          <td class=3D"code"><pre>&#x27;********************&#x27;</pre></td>
        </tr>
     =20
        <tr>
          <td>CACHE_MIDDLEWARE_SECONDS</td>
          <td class=3D"code"><pre>600</pre></td>
        </tr>
     =20
        <tr>
          <td>CSRF_COOKIE_AGE</td>
          <td class=3D"code"><pre>31449600</pre></td>
        </tr>
     =20
        <tr>
          <td>CSRF_COOKIE_DOMAIN</td>
          <td class=3D"code"><pre>None</pre></td>
        </tr>
     =20
        <tr>
          <td>CSRF_COOKIE_HTTPONLY</td>
          <td class=3D"code"><pre>False</pre></td>
        </tr>
     =20
        <tr>
          <td>CSRF_COOKIE_NAME</td>
          <td class=3D"code"><pre>&#x27;csrftoken&#x27;</pre></td>
        </tr>
     =20
        <tr>
          <td>CSRF_COOKIE_PATH</td>
          <td class=3D"code"><pre>&#x27;/&#x27;</pre></td>
        </tr>
     =20
        <tr>
          <td>CSRF_COOKIE_SAMESITE</td>
          <td class=3D"code"><pre>&#x27;Lax&#x27;</pre></td>
        </tr>
     =20
        <tr>
          <td>CSRF_COOKIE_SECURE</td>
          <td class=3D"code"><pre>False</pre></td>
        </tr>
     =20
        <tr>
          <td>CSRF_FAILURE_VIEW</td>
          <td class=3D"code"><pre>&#x27;django.views.csrf.csrf_failure&#x27;<=
/pre></td>
        </tr>
     =20
        <tr>
          <td>CSRF_HEADER_NAME</td>
          <td class=3D"code"><pre>&#x27;HTTP_X_CSRFTOKEN&#x27;</pre></td>
        </tr>
     =20
        <tr>
          <td>CSRF_TRUSTED_ORIGINS</td>
          <td class=3D"code"><pre>[]</pre></td>
        </tr>
     =20
        <tr>
          <td>CSRF_USE_SESSIONS</td>
          <td class=3D"code"><pre>False</pre></td>
        </tr>
     =20
        <tr>
          <td>DATABASES</td>
          <td class=3D"code"><pre>{&#x27;default&#x27;: {&#x27;ATOMIC_REQUEST=
S&#x27;: False,
             &#x27;AUTOCOMMIT&#x27;: True,
             &#x27;CONN_HEALTH_CHECKS&#x27;: False,
             &#x27;CONN_MAX_AGE&#x27;: 0,
             &#x27;ENGINE&#x27;: &#x27;django.db.backends.sqlite3&#x27;,
             &#x27;HOST&#x27;: &#x27;&#x27;,
             &#x27;NAME&#x27;: WindowsPath(&#x27;C:/Users/petri/Desktop/Danii=
l/DjMethod/calories_calc/db.sqlite3&#x27;),
             &#x27;OPTIONS&#x27;: {},
             &#x27;PASSWORD&#x27;: &#x27;********************&#x27;,
             &#x27;PORT&#x27;: &#x27;&#x27;,
             &#x27;TEST&#x27;: {&#x27;CHARSET&#x27;: None,
                      &#x27;COLLATION&#x27;: None,
                      &#x27;MIGRATE&#x27;: True,
                      &#x27;MIRROR&#x27;: None,
                      &#x27;NAME&#x27;: None},
             &#x27;TIME_ZONE&#x27;: None,
             &#x27;USER&#x27;: &#x27;&#x27;}}</pre></td>
        </tr>
     =20
        <tr>
          <td>DATABASE_ROUTERS</td>
          <td class=3D"code"><pre>[]</pre></td>
        </tr>
     =20
        <tr>
          <td>DATA_UPLOAD_MAX_MEMORY_SIZE</td>
          <td class=3D"code"><pre>2621440</pre></td>
        </tr>
     =20
        <tr>
          <td>DATA_UPLOAD_MAX_NUMBER_FIELDS</td>
          <td class=3D"code"><pre>1000</pre></td>
        </tr>
     =20
        <tr>
          <td>DATA_UPLOAD_MAX_NUMBER_FILES</td>
          <td class=3D"code"><pre>100</pre></td>
        </tr>
     =20
        <tr>
          <td>DATETIME_FORMAT</td>
          <td class=3D"code"><pre>&#x27;N j, Y, P&#x27;</pre></td>
        </tr>
     =20
        <tr>
          <td>DATETIME_INPUT_FORMATS</td>
          <td class=3D"code"><pre>[&#x27;%Y-%m-%d %H:%M:%S&#x27;,
 &#x27;%Y-%m-%d %H:%M:%S.%f&#x27;,
 &#x27;%Y-%m-%d %H:%M&#x27;,
 &#x27;%m/%d/%Y %H:%M:%S&#x27;,
 &#x27;%m/%d/%Y %H:%M:%S.%f&#x27;,
 &#x27;%m/%d/%Y %H:%M&#x27;,
 &#x27;%m/%d/%y %H:%M:%S&#x27;,
 &#x27;%m/%d/%y %H:%M:%S.%f&#x27;,
 &#x27;%m/%d/%y %H:%M&#x27;]</pre></td>
        </tr>
     =20
        <tr>
          <td>DATE_FORMAT</td>
          <td class=3D"code"><pre>&#x27;N j, Y&#x27;</pre></td>
        </tr>
     =20
        <tr>
          <td>DATE_INPUT_FORMATS</td>
          <td class=3D"code"><pre>[&#x27;%Y-%m-%d&#x27;,
 &#x27;%m/%d/%Y&#x27;,
 &#x27;%m/%d/%y&#x27;,
 &#x27;%b %d %Y&#x27;,
 &#x27;%b %d, %Y&#x27;,
 &#x27;%d %b %Y&#x27;,
 &#x27;%d %b, %Y&#x27;,
 &#x27;%B %d %Y&#x27;,
 &#x27;%B %d, %Y&#x27;,
 &#x27;%d %B %Y&#x27;,
 &#x27;%d %B, %Y&#x27;]</pre></td>
        </tr>
     =20
        <tr>
          <td>DEBUG</td>
          <td class=3D"code"><pre>False</pre></td>
        </tr>
     =20
        <tr>
          <td>DEBUG_PROPAGATE_EXCEPTIONS</td>
          <td class=3D"code"><pre>False</pre></td>
        </tr>
     =20
        <tr>
          <td>DECIMAL_SEPARATOR</td>
          <td class=3D"code"><pre>&#x27;.&#x27;</pre></td>
        </tr>
     =20
        <tr>
          <td>DEFAULT_AUTO_FIELD</td>
          <td class=3D"code"><pre>&#x27;django.db.models.BigAutoField&#x27;</=
pre></td>
        </tr>
     =20
        <tr>
          <td>DEFAULT_CHARSET</td>
          <td class=3D"code"><pre>&#x27;utf-8&#x27;</pre></td>
        </tr>
     =20
        <tr>
          <td>DEFAULT_EXCEPTION_REPORTER</td>
          <td class=3D"code"><pre>&#x27;django.views.debug.ExceptionReporter&=
#x27;</pre></td>
        </tr>
     =20
        <tr>
          <td>DEFAULT_EXCEPTION_REPORTER_FILTER</td>
          <td class=3D"code"><pre>&#x27;django.views.debug.SafeExceptionRepor=
terFilter&#x27;</pre></td>
        </tr>
     =20
        <tr>
          <td>DEFAULT_FROM_EMAIL</td>
          <td class=3D"code"><pre>&#x27;noreply@example.com&#x27;</pre></td>
        </tr>
     =20
        <tr>
          <td>DEFAULT_INDEX_TABLESPACE</td>
          <td class=3D"code"><pre>&#x27;&#x27;</pre></td>
        </tr>
     =20
        <tr>
          <td>DEFAULT_TABLESPACE</td>
          <td class=3D"code"><pre>&#x27;&#x27;</pre></td>
        </tr>
     =20
        <tr>
          <td>DISALLOWED_USER_AGENTS</td>
          <td class=3D"code"><pre>[]</pre></td>
        </tr>
     =20
        <tr>
          <td>EMAIL_BACKEND</td>
          <td class=3D"code"><pre>&#x27;django.core.mail.backends.filebased.E=
mailBackend&#x27;</pre></td>
        </tr>
     =20
        <tr>
          <td>EMAIL_FILE_PATH</td>
          <td class=3D"code"><pre>WindowsPath(&#x27;C:/Users/petri/Desktop/Da=
niil/DjMethod/calories_calc/sent_emails&#x27;)</pre></td>
        </tr>
     =20
        <tr>
          <td>EMAIL_HOST</td>
          <td class=3D"code"><pre>&#x27;localhost&#x27;</pre></td>
        </tr>
     =20
        <tr>
          <td>EMAIL_HOST_PASSWORD</td>
          <td class=3D"code"><pre>&#x27;********************&#x27;</pre></td>
        </tr>
     =20
        <tr>
          <td>EMAIL_HOST_USER</td>
          <td class=3D"code"><pre>&#x27;&#x27;</pre></td>
        </tr>
     =20
        <tr>
          <td>EMAIL_PORT</td>
          <td class=3D"code"><pre>25</pre></td>
        </tr>
     =20
        <tr>
          <td>EMAIL_SSL_CERTFILE</td>
          <td class=3D"code"><pre>None</pre></td>
        </tr>
     =20
        <tr>
          <td>EMAIL_SSL_KEYFILE</td>
          <td class=3D"code"><pre>&#x27;********************&#x27;</pre></td>
        </tr>
     =20
        <tr>
          <td>EMAIL_SUBJECT_PREFIX</td>
          <td class=3D"code"><pre>&#x27;[Django] &#x27;</pre></td>
        </tr>
     =20
        <tr>
          <td>EMAIL_TIMEOUT</td>
          <td class=3D"code"><pre>None</pre></td>
        </tr>
     =20
        <tr>
          <td>EMAIL_USE_LOCALTIME</td>
          <td class=3D"code"><pre>False</pre></td>
        </tr>
     =20
        <tr>
          <td>EMAIL_USE_SSL</td>
          <td class=3D"code"><pre>False</pre></td>
        </tr>
     =20
        <tr>
          <td>EMAIL_USE_TLS</td>
          <td class=3D"code"><pre>False</pre></td>
        </tr>
     =20
        <tr>
          <td>FILE_UPLOAD_DIRECTORY_PERMISSIONS</td>
          <td class=3D"code"><pre>None</pre></td>
        </tr>
     =20
        <tr>
          <td>FILE_UPLOAD_HANDLERS</td>
          <td class=3D"code"><pre>[&#x27;django.core.files.uploadhandler.Memo=
ryFileUploadHandler&#x27;,
 &#x27;django.core.files.uploadhandler.TemporaryFileUploadHandler&#x27;]</pre=
></td>
        </tr>
     =20
        <tr>
          <td>FILE_UPLOAD_MAX_MEMORY_SIZE</td>
          <td class=3D"code"><pre>2621440</pre></td>
        </tr>
     =20
        <tr>
          <td>FILE_UPLOAD_PERMISSIONS</td>
          <td class=3D"code"><pre>420</pre></td>
        </tr>
     =20
        <tr>
          <td>FILE_UPLOAD_TEMP_DIR</td>
          <td class=3D"code"><pre>None</pre></td>
        </tr>
     =20
        <tr>
          <td>FIRST_DAY_OF_WEEK</td>
          <td class=3D"code"><pre>0</pre></td>
        </tr>
     =20
        <tr>
          <td>FIXTURE_DIRS</td>
          <td class=3D"code"><pre>[]</pre></td>
        </tr>
     =20
        <tr>
          <td>FORCE_SCRIPT_NAME</td>
          <td class=3D"code"><pre>None</pre></td>
        </tr>
     =20
        <tr>
          <td>FORMAT_MODULE_PATH</td>
          <td class=3D"code"><pre>None</pre></td>
        </tr>
     =20
        <tr>
          <td>FORM_RENDERER</td>
          <td class=3D"code"><pre>&#x27;django.forms.renderers.DjangoTemplate=
s&#x27;</pre></td>
        </tr>
     =20
        <tr>
          <td>IGNORABLE_404_URLS</td>
          <td class=3D"code"><pre>[]</pre></td>
        </tr>
     =20
        <tr>
          <td>INSTALLED_APPS</td>
          <td class=3D"code"><pre>[&#x27;django.contrib.admin&#x27;,
 &#x27;django.contrib.auth&#x27;,
 &#x27;django.contrib.contenttypes&#x27;,
 &#x27;django.contrib.sessions&#x27;,
 &#x27;django.contrib.messages&#x27;,
 &#x27;django.contrib.staticfiles&#x27;,
 &#x27;accounts&#x27;]</pre></td>
        </tr>
     =20
        <tr>
          <td>INTERNAL_IPS</td>
          <td class=3D"code"><pre>[]</pre></td>
        </tr>
     =20
        <tr>
          <td>LANGUAGES</td>
          <td class=3D"code"><pre>[(&#x27;af&#x27;, &#x27;Afrikaans&#x27;),
 (&#x27;ar&#x27;, &#x27;Arabic&#x27;),
 (&#x27;ar-dz&#x27;, &#x27;Algerian Arabic&#x27;),
 (&#x27;ast&#x27;, &#x27;Asturian&#x27;),
 (&#x27;az&#x27;, &#x27;Azerbaijani&#x27;),
 (&#x27;bg&#x27;, &#x27;Bulgarian&#x27;),
 (&#x27;be&#x27;, &#x27;Belarusian&#x27;),
 (&#x27;bn&#x27;, &#x27;Bengali&#x27;),
 (&#x27;br&#x27;, &#x27;Breton&#x27;),
 (&#x27;bs&#x27;, &#x27;Bosnian&#x27;),
 (&#x27;ca&#x27;, &#x27;Catalan&#x27;),
 (&#x27;ckb&#x27;, &#x27;Central Kurdish (Sorani)&#x27;),
 (&#x27;cs&#x27;, &#x27;Czech&#x27;),
 (&#x27;cy&#x27;, &#x27;Welsh&#x27;),
 (&#x27;da&#x27;, &#x27;Danish&#x27;),
 (&#x27;de&#x27;, &#x27;German&#x27;),
 (&#x27;dsb&#x27;, &#x27;Lower Sorbian&#x27;),
 (&#x27;el&#x27;, &#x27;Greek&#x27;),
 (&#x27;en&#x27;, &#x27;English&#x27;),
 (&#x27;en-au&#x27;, &#x27;Australian English&#x27;),
 (&#x27;en-gb&#x27;, &#x27;British English&#x27;),
 (&#x27;eo&#x27;, &#x27;Esperanto&#x27;),
 (&#x27;es&#x27;, &#x27;Spanish&#x27;),
 (&#x27;es-ar&#x27;, &#x27;Argentinian Spanish&#x27;),
 (&#x27;es-co&#x27;, &#x27;Colombian Spanish&#x27;),
 (&#x27;es-mx&#x27;, &#x27;Mexican Spanish&#x27;),
 (&#x27;es-ni&#x27;, &#x27;Nicaraguan Spanish&#x27;),
 (&#x27;es-ve&#x27;, &#x27;Venezuelan Spanish&#x27;),
 (&#x27;et&#x27;, &#x27;Estonian&#x27;),
 (&#x27;eu&#x27;, &#x27;Basque&#x27;),
 (&#x27;fa&#x27;, &#x27;Persian&#x27;),
 (&#x27;fi&#x27;, &#x27;Finnish&#x27;),
 (&#x27;fr&#x27;, &#x27;French&#x27;),
 (&#x27;fy&#x27;, &#x27;Frisian&#x27;),
 (&#x27;ga&#x27;, &#x27;Irish&#x27;),
 (&#x27;gd&#x27;, &#x27;Scottish Gaelic&#x27;),
 (&#x27;gl&#x27;, &#x27;Galician&#x27;),
 (&#x27;he&#x27;, &#x27;Hebrew&#x27;),
 (&#x27;hi&#x27;, &#x27;Hindi&#x27;),
 (&#x27;hr&#x27;, &#x27;Croatian&#x27;),
 (&#x27;hsb&#x27;, &#x27;Upper Sorbian&#x27;),
 (&#x27;ht&#x27;, &#x27;Haitian Creole&#x27;),
 (&#x27;hu&#x27;, &#x27;Hungarian&#x27;),
 (&#x27;hy&#x27;, &#x27;Armenian&#x27;),
 (&#x27;ia&#x27;, &#x27;Interlingua&#x27;),
 (&#x27;id&#x27;, &#x27;Indonesian&#x27;),
 (&#x27;ig&#x27;, &#x27;Igbo&#x27;),
 (&#x27;io&#x27;, &#x27;Ido&#x27;),
 (&#x27;is&#x27;, &#x27;Icelandic&#x27;),
 (&#x27;it&#x27;, &#x27;Italian&#x27;),
 (&#x27;ja&#x27;, &#x27;Japanese&#x27;),
 (&#x27;ka&#x27;, &#x27;Georgian&#x27;),
 (&#x27;kab&#x27;, &#x27;Kabyle&#x27;),
 (&#x27;kk&#x27;, &#x27;Kazakh&#x27;),
 (&#x27;km&#x27;, &#x27;Khmer&#x27;),
 (&#x27;kn&#x27;, &#x27;Kannada&#x27;),
 (&#x27;ko&#x27;, &#x27;Korean&#x27;),
 (&#x27;ky&#x27;, &#x27;Kyrgyz&#x27;),
 (&#x27;lb&#x27;, &#x27;Luxembourgish&#x27;),
 (&#x27;lt&#x27;, &#x27;Lithuanian&#x27;),
 (&#x27;lv&#x27;, &#x27;Latvian&#x27;),
 (&#x27;mk&#x27;, &#x27;Macedonian&#x27;),
 (&#x27;ml&#x27;, &#x27;Malayalam&#x27;),
 (&#x27;mn&#x27;, &#x27;Mongolian&#x27;),
 (&#x27;mr&#x27;, &#x27;Marathi&#x27;),
 (&#x27;ms&#x27;, &#x27;Malay&#x27;),
 (&#x27;my&#x27;, &#x27;Burmese&#x27;),
 (&#x27;nb&#x27;, &#x27;Norwegian Bokm=C3=A5l&#x27;),
 (&#x27;ne&#x27;, &#x27;Nepali&#x27;),
 (&#x27;nl&#x27;, &#x27;Dutch&#x27;),
 (&#x27;nn&#x27;, &#x27;Norwegian Nynorsk&#x27;),
 (&#x27;os&#x27;, &#x27;Ossetic&#x27;),
 (&#x27;pa&#x27;, &#x27;Punjabi&#x27;),
 (&#x27;pl&#x27;, &#x27;Polish&#x27;),
 (&#x27;pt&#x27;, &#x27;Portuguese&#x27;),
 (&#x27;pt-br&#x27;, &#x27;Brazilian Portuguese&#x27;),
 (&#x27;ro&#x27;, &#x27;Romanian&#x27;),
 (&#x27;ru&#x27;, &#x27;Russian&#x27;),
 (&#x27;sk&#x27;, &#x27;Slovak&#x27;),
 (&#x27;sl&#x27;, &#x27;Slovenian&#x27;),
 (&#x27;sq&#x27;, &#x27;Albanian&#x27;),
 (&#x27;sr&#x27;, &#x27;Serbian&#x27;),
 (&#x27;sr-latn&#x27;, &#x27;Serbian Latin&#x27;),
 (&#x27;sv&#x27;, &#x27;Swedish&#x27;),
 (&#x27;sw&#x27;, &#x27;Swahili&#x27;),
 (&#x27;ta&#x27;, &#x27;Tamil&#x27;),
 (&#x27;te&#x27;, &#x27;Telugu&#x27;),
 (&#x27;tg&#x27;, &#x27;Tajik&#x27;),
 (&#x27;th&#x27;, &#x27;Thai&#x27;),
 (&#x27;tk&#x27;, &#x27;Turkmen&#x27;),
 (&#x27;tr&#x27;, &#x27;Turkish&#x27;),
 (&#x27;tt&#x27;, &#x27;Tatar&#x27;),
 (&#x27;udm&#x27;, &#x27;Udmurt&#x27;),
 (&#x27;ug&#x27;, &#x27;Uyghur&#x27;),
 (&#x27;uk&#x27;, &#x27;Ukrainian&#x27;),
 (&#x27;ur&#x27;, &#x27;Urdu&#x27;),
 (&#x27;uz&#x27;, &#x27;Uzbek&#x27;),
 (&#x27;vi&#x27;, &#x27;Vietnamese&#x27;),
 (&#x27;zh-hans&#x27;, &#x27;Simplified Chinese&#x27;),
 (&#x27;zh-hant&#x27;, &#x27;Traditional Chinese&#x27;)]</pre></td>
        </tr>
     =20
        <tr>
          <td>LANGUAGES_BIDI</td>
          <td class=3D"code"><pre>[&#x27;he&#x27;, &#x27;ar&#x27;, &#x27;ar-d=
z&#x27;, &#x27;ckb&#x27;, &#x27;fa&#x27;, &#x27;ug&#x27;, &#x27;ur&#x27;]</pr=
e></td>
        </tr>
     =20
        <tr>
          <td>LANGUAGE_CODE</td>
          <td class=3D"code"><pre>&#x27;ru&#x27;</pre></td>
        </tr>
     =20
        <tr>
          <td>LANGUAGE_COOKIE_AGE</td>
          <td class=3D"code"><pre>None</pre></td>
        </tr>
     =20
        <tr>
          <td>LANGUAGE_COOKIE_DOMAIN</td>
          <td class=3D"code"><pre>None</pre></td>
        </tr>
     =20
        <tr>
          <td>LANGUAGE_COOKIE_HTTPONLY</td>
          <td class=3D"code"><pre>False</pre></td>
        </tr>
     =20
        <tr>
          <td>LANGUAGE_COOKIE_NAME</td>
          <td class=3D"code"><pre>&#x27;django_language&#x27;</pre></td>
        </tr>
     =20
        <tr>
          <td>LANGUAGE_COOKIE_PATH</td>
          <td class=3D"code"><pre>&#x27;/&#x27;</pre></td>
        </tr>
     =20
        <tr>
          <td>LANGUAGE_COOKIE_SAMESITE</td>
          <td class=3D"code"><pre>None</pre></td>
        </tr>
     =20
        <tr>
          <td>LANGUAGE_COOKIE_SECURE</td>
          <td class=3D"code"><pre>False</pre></td>
        </tr>
     =20
        <tr>
          <td>LOCALE_PATHS</td>
          <td class=3D"code"><pre>[]</pre></td>
        </tr>
     =20
        <tr>
          <td>LOGGING</td>
          <td class=3D"code"><pre>{&#x27;disable_existing_loggers&#x27;: Fals=
e,
 &#x27;filters&#x27;: {&#x27;require_debug_false&#x27;: {&#x27;()&#x27;: &#x2=
7;django.utils.log.RequireDebugFalse&#x27;}},
 &#x27;formatters&#x27;: {&#x27;simple&#x27;: {&#x27;format&#x27;: &#x27;{lev=
elname} {asctime:s} {name} {message}&#x27;,
                           &#x27;style&#x27;: &#x27;{&#x27;},
                &#x27;verbose&#x27;: {&#x27;format&#x27;: &#x27;{levelname} {=
asctime:s} {name} &#x27;
                                      &#x27;{module}.py (line {lineno:d}) &#x=
27;
                                      &#x27;{funcName} {message}&#x27;,
                            &#x27;style&#x27;: &#x27;{&#x27;}},
 &#x27;handlers&#x27;: {&#x27;console&#x27;: {&#x27;class&#x27;: &#x27;loggin=
g.StreamHandler&#x27;,
                          &#x27;formatter&#x27;: &#x27;simple&#x27;,
                          &#x27;level&#x27;: &#x27;DEBUG&#x27;},
              &#x27;file&#x27;: {&#x27;class&#x27;: &#x27;logging.FileHandler=
&#x27;,
                       &#x27;filename&#x27;: WindowsPath(&#x27;C:/Users/petri=
/Desktop/Daniil/DjMethod/calories_calc/django.log&#x27;),
                       &#x27;formatter&#x27;: &#x27;verbose&#x27;,
                       &#x27;level&#x27;: &#x27;DEBUG&#x27;},
              &#x27;mail_admins&#x27;: {&#x27;class&#x27;: &#x27;django.utils=
.log.AdminEmailHandler&#x27;,
                              &#x27;filters&#x27;: [&#x27;require_debug_false=
&#x27;],
                              &#x27;formatter&#x27;: &#x27;verbose&#x27;,
                              &#x27;include_html&#x27;: True,
                              &#x27;level&#x27;: &#x27;ERROR&#x27;}},
 &#x27;loggers&#x27;: {&#x27;&#x27;: {&#x27;handlers&#x27;: [&#x27;console&#x=
27;, &#x27;file&#x27;, &#x27;mail_admins&#x27;],
                  &#x27;level&#x27;: &#x27;WARNING&#x27;},
             &#x27;django&#x27;: {&#x27;handlers&#x27;: [&#x27;console&#x27;],
                        &#x27;level&#x27;: &#x27;INFO&#x27;,
                        &#x27;propagate&#x27;: False},
             &#x27;django.request&#x27;: {&#x27;handlers&#x27;: [&#x27;file&#=
x27;],
                                &#x27;level&#x27;: &#x27;WARNING&#x27;,
                                &#x27;propagate&#x27;: False},
             &#x27;django.server&#x27;: {&#x27;handlers&#x27;: [&#x27;file&#x=
27;, &#x27;mail_admins&#x27;],
                               &#x27;level&#x27;: &#x27;ERROR&#x27;,
                               &#x27;propagate&#x27;: False},
             &#x27;django.template&#x27;: {&#x27;handlers&#x27;: [&#x27;file&=
#x27;],
                                 &#x27;level&#x27;: &#x27;DEBUG&#x27;,
                                 &#x27;propagate&#x27;: False}},
 &#x27;version&#x27;: 1}</pre></td>
        </tr>
     =20
        <tr>
          <td>LOGGING_CONFIG</td>
          <td class=3D"code"><pre>&#x27;logging.config.dictConfig&#x27;</pre>=
</td>
        </tr>
     =20
        <tr>
          <td>LOGIN_REDIRECT_URL</td>
          <td class=3D"code"><pre>&#x27;accounts:home&#x27;</pre></td>
        </tr>
     =20
        <tr>
          <td>LOGIN_URL</td>
          <td class=3D"code"><pre>&#x27;accounts:login&#x27;</pre></td>
        </tr>
     =20
        <tr>
          <td>LOGOUT_REDIRECT_URL</td>
          <td class=3D"code"><pre>&#x27;accounts:login&#x27;</pre></td>
        </tr>
     =20
        <tr>
          <td>MANAGERS</td>
          <td class=3D"code"><pre>[]</pre></td>
        </tr>
     =20
        <tr>
          <td>MEDIA_ROOT</td>
          <td class=3D"code"><pre>&#x27;&#x27;</pre></td>
        </tr>
     =20
        <tr>
          <td>MEDIA_URL</td>
          <td class=3D"code"><pre>&#x27;/&#x27;</pre></td>
        </tr>
     =20
        <tr>
          <td>MESSAGE_STORAGE</td>
          <td class=3D"code"><pre>&#x27;django.contrib.messages.storage.fallb=
ack.FallbackStorage&#x27;</pre></td>
        </tr>
     =20
        <tr>
          <td>MIDDLEWARE</td>
          <td class=3D"code"><pre>[&#x27;django.middleware.security.SecurityM=
iddleware&#x27;,
 &#x27;django.contrib.sessions.middleware.SessionMiddleware&#x27;,
 &#x27;django.middleware.common.CommonMiddleware&#x27;,
 &#x27;django.middleware.csrf.CsrfViewMiddleware&#x27;,
 &#x27;django.contrib.auth.middleware.AuthenticationMiddleware&#x27;,
 &#x27;django.contrib.messages.middleware.MessageMiddleware&#x27;,
 &#x27;django.middleware.clickjacking.XFrameOptionsMiddleware&#x27;]</pre></t=
d>
        </tr>
     =20
        <tr>
          <td>MIGRATION_MODULES</td>
          <td class=3D"code"><pre>{}</pre></td>
        </tr>
     =20
        <tr>
          <td>MONTH_DAY_FORMAT</td>
          <td class=3D"code"><pre>&#x27;F j&#x27;</pre></td>
        </tr>
     =20
        <tr>
          <td>NUMBER_GROUPING</td>
          <td class=3D"code"><pre>0</pre></td>
        </tr>
     =20
        <tr>
          <td>PASSWORD_HASHERS</td>
          <td class=3D"code"><pre>&#x27;********************&#x27;</pre></td>
        </tr>
     =20
        <tr>
          <td>PASSWORD_RESET_TIMEOUT</td>
          <td class=3D"code"><pre>&#x27;********************&#x27;</pre></td>
        </tr>
     =20
        <tr>
          <td>PREPEND_WWW</td>
          <td class=3D"code"><pre>False</pre></td>
        </tr>
     =20
        <tr>
          <td>ROOT_URLCONF</td>
          <td class=3D"code"><pre>&#x27;config.urls&#x27;</pre></td>
        </tr>
     =20
        <tr>
          <td>SECRET_KEY</td>
          <td class=3D"code"><pre>&#x27;********************&#x27;</pre></td>
        </tr>
     =20
        <tr>
          <td>SECRET_KEY_FALLBACKS</td>
          <td class=3D"code"><pre>&#x27;********************&#x27;</pre></td>
        </tr>
     =20
        <tr>
          <td>SECURE_CONTENT_TYPE_NOSNIFF</td>
          <td class=3D"code"><pre>True</pre></td>
        </tr>
     =20
        <tr>
          <td>SECURE_CROSS_ORIGIN_OPENER_POLICY</td>
          <td class=3D"code"><pre>&#x27;same-origin&#x27;</pre></td>
        </tr>
     =20
        <tr>
          <td>SECURE_CSP</td>
          <td class=3D"code"><pre>{}</pre></td>
        </tr>
     =20
        <tr>
          <td>SECURE_CSP_REPORT_ONLY</td>
          <td class=3D"code"><pre>{}</pre></td>
        </tr>
     =20
        <tr>
          <td>SECURE_HSTS_INCLUDE_SUBDOMAINS</td>
          <td class=3D"code"><pre>False</pre></td>
        </tr>
     =20
        <tr>
          <td>SECURE_HSTS_PRELOAD</td>
          <td class=3D"code"><pre>False</pre></td>
        </tr>
     =20
        <tr>
          <td>SECURE_HSTS_SECONDS</td>
          <td class=3D"code"><pre>0</pre></td>
        </tr>
     =20
        <tr>
          <td>SECURE_PROXY_SSL_HEADER</td>
          <td class=3D"code"><pre>None</pre></td>
        </tr>
     =20
        <tr>
          <td>SECURE_REDIRECT_EXEMPT</td>
          <td class=3D"code"><pre>[]</pre></td>
        </tr>
     =20
        <tr>
          <td>SECURE_REFERRER_POLICY</td>
          <td class=3D"code"><pre>&#x27;same-origin&#x27;</pre></td>
        </tr>
     =20
        <tr>
          <td>SECURE_SSL_HOST</td>
          <td class=3D"code"><pre>None</pre></td>
        </tr>
     =20
        <tr>
          <td>SECURE_SSL_REDIRECT</td>
          <td class=3D"code"><pre>False</pre></td>
        </tr>
     =20
        <tr>
          <td>SERVER_EMAIL</td>
          <td class=3D"code"><pre>&#x27;noreply@example.com&#x27;</pre></td>
        </tr>
     =20
        <tr>
          <td>SESSION_CACHE_ALIAS</td>
          <td class=3D"code"><pre>&#x27;default&#x27;</pre></td>
        </tr>
     =20
        <tr>
          <td>SESSION_COOKIE_AGE</td>
          <td class=3D"code"><pre>1209600</pre></td>
        </tr>
     =20
        <tr>
          <td>SESSION_COOKIE_DOMAIN</td>
          <td class=3D"code"><pre>None</pre></td>
        </tr>
     =20
        <tr>
          <td>SESSION_COOKIE_HTTPONLY</td>
          <td class=3D"code"><pre>True</pre></td>
        </tr>
     =20
        <tr>
          <td>SESSION_COOKIE_NAME</td>
          <td class=3D"code"><pre>&#x27;sessionid&#x27;</pre></td>
        </tr>
     =20
        <tr>
          <td>SESSION_COOKIE_PATH</td>
          <td class=3D"code"><pre>&#x27;/&#x27;</pre></td>
        </tr>
     =20
        <tr>
          <td>SESSION_COOKIE_SAMESITE</td>
          <td class=3D"code"><pre>&#x27;Lax&#x27;</pre></td>
        </tr>
     =20
        <tr>
          <td>SESSION_COOKIE_SECURE</td>
          <td class=3D"code"><pre>False</pre></td>
        </tr>
     =20
        <tr>
          <td>SESSION_ENGINE</td>
          <td class=3D"code"><pre>&#x27;django.contrib.sessions.backends.db&#=
x27;</pre></td>
        </tr>
     =20
        <tr>
          <td>SESSION_EXPIRE_AT_BROWSER_CLOSE</td>
          <td class=3D"code"><pre>False</pre></td>
        </tr>
     =20
        <tr>
          <td>SESSION_FILE_PATH</td>
          <td class=3D"code"><pre>None</pre></td>
        </tr>
     =20
        <tr>
          <td>SESSION_SAVE_EVERY_REQUEST</td>
          <td class=3D"code"><pre>False</pre></td>
        </tr>
     =20
        <tr>
          <td>SESSION_SERIALIZER</td>
          <td class=3D"code"><pre>&#x27;django.contrib.sessions.serializers.J=
SONSerializer&#x27;</pre></td>
        </tr>
     =20
        <tr>
          <td>SETTINGS_MODULE</td>
          <td class=3D"code"><pre>&#x27;config.settings&#x27;</pre></td>
        </tr>
     =20
        <tr>
          <td>SHORT_DATETIME_FORMAT</td>
          <td class=3D"code"><pre>&#x27;m/d/Y P&#x27;</pre></td>
        </tr>
     =20
        <tr>
          <td>SHORT_DATE_FORMAT</td>
          <td class=3D"code"><pre>&#x27;m/d/Y&#x27;</pre></td>
        </tr>
     =20
        <tr>
          <td>SIGNING_BACKEND</td>
          <td class=3D"code"><pre>&#x27;django.core.signing.TimestampSigner&#=
x27;</pre></td>
        </tr>
     =20
        <tr>
          <td>SILENCED_SYSTEM_CHECKS</td>
          <td class=3D"code"><pre>[]</pre></td>
        </tr>
     =20
        <tr>
          <td>STATICFILES_DIRS</td>
          <td class=3D"code"><pre>[]</pre></td>
        </tr>
     =20
        <tr>
          <td>STATICFILES_FINDERS</td>
          <td class=3D"code"><pre>[&#x27;django.contrib.staticfiles.finders.F=
ileSystemFinder&#x27;,
 &#x27;django.contrib.staticfiles.finders.AppDirectoriesFinder&#x27;]</pre></=
td>
        </tr>
     =20
        <tr>
          <td>STATIC_ROOT</td>
          <td class=3D"code"><pre>None</pre></td>
        </tr>
     =20
        <tr>
          <td>STATIC_URL</td>
          <td class=3D"code"><pre>&#x27;/static/&#x27;</pre></td>
        </tr>
     =20
        <tr>
          <td>STORAGES</td>
          <td class=3D"code"><pre>{&#x27;default&#x27;: {&#x27;BACKEND&#x27;:=
 &#x27;django.core.files.storage.FileSystemStorage&#x27;},
 &#x27;staticfiles&#x27;: {&#x27;BACKEND&#x27;: &#x27;django.contrib.staticfi=
les.storage.StaticFilesStorage&#x27;}}</pre></td>
        </tr>
     =20
        <tr>
          <td>TASKS</td>
          <td class=3D"code"><pre>{&#x27;default&#x27;: {&#x27;BACKEND&#x27;:=
 &#x27;django.tasks.backends.immediate.ImmediateBackend&#x27;}}</pre></td>
        </tr>
     =20
        <tr>
          <td>TEMPLATES</td>
          <td class=3D"code"><pre>[{&#x27;APP_DIRS&#x27;: True,
  &#x27;BACKEND&#x27;: &#x27;django.template.backends.django.DjangoTemplates&=
#x27;,
  &#x27;DIRS&#x27;: [WindowsPath(&#x27;C:/Users/petri/Desktop/Daniil/DjMethod=
/calories_calc/templates&#x27;)],
  &#x27;OPTIONS&#x27;: {&#x27;context_processors&#x27;: [&#x27;django.templat=
e.context_processors.debug&#x27;,
                                     &#x27;django.template.context_processors=
.request&#x27;,
                                     &#x27;django.contrib.auth.context_proces=
sors.auth&#x27;,
                                     &#x27;django.contrib.messages.context_pr=
ocessors.messages&#x27;]}}]</pre></td>
        </tr>
     =20
        <tr>
          <td>TEST_NON_SERIALIZED_APPS</td>
          <td class=3D"code"><pre>[]</pre></td>
        </tr>
     =20
        <tr>
          <td>TEST_RUNNER</td>
          <td class=3D"code"><pre>&#x27;django.test.runner.DiscoverRunner&#x2=
7;</pre></td>
        </tr>
     =20
        <tr>
          <td>THOUSAND_SEPARATOR</td>
          <td class=3D"code"><pre>&#x27;,&#x27;</pre></td>
        </tr>
     =20
        <tr>
          <td>TIME_FORMAT</td>
          <td class=3D"code"><pre>&#x27;P&#x27;</pre></td>
        </tr>
     =20
        <tr>
          <td>TIME_INPUT_FORMATS</td>
          <td class=3D"code"><pre>[&#x27;%H:%M:%S&#x27;, &#x27;%H:%M:%S.%f&#x=
27;, &#x27;%H:%M&#x27;]</pre></td>
        </tr>
     =20
        <tr>
          <td>TIME_ZONE</td>
          <td class=3D"code"><pre>&#x27;Europe/Moscow&#x27;</pre></td>
        </tr>
     =20
        <tr>
          <td>URLIZE_ASSUME_HTTPS</td>
          <td class=3D"code"><pre>False</pre></td>
        </tr>
     =20
        <tr>
          <td>USE_I18N</td>
          <td class=3D"code"><pre>True</pre></td>
        </tr>
     =20
        <tr>
          <td>USE_THOUSAND_SEPARATOR</td>
          <td class=3D"code"><pre>False</pre></td>
        </tr>
     =20
        <tr>
          <td>USE_TZ</td>
          <td class=3D"code"><pre>True</pre></td>
        </tr>
     =20
        <tr>
          <td>USE_X_FORWARDED_HOST</td>
          <td class=3D"code"><pre>False</pre></td>
        </tr>
     =20
        <tr>
          <td>USE_X_FORWARDED_PORT</td>
          <td class=3D"code"><pre>False</pre></td>
        </tr>
     =20
        <tr>
          <td>WSGI_APPLICATION</td>
          <td class=3D"code"><pre>&#x27;config.wsgi.application&#x27;</pre></=
td>
        </tr>
     =20
        <tr>
          <td>X_FRAME_OPTIONS</td>
          <td class=3D"code"><pre>&#x27;DENY&#x27;</pre></td>
        </tr>
     =20
        <tr>
          <td>YEAR_MONTH_FORMAT</td>
          <td class=3D"code"><pre>&#x27;F Y&#x27;</pre></td>
        </tr>
     =20
    </tbody>
  </table>

</div>
</main>


</body>
</html>

--===============2447111349122885109==--

-------------------------------------------------------------------------------
